
> catholic-platform@0.1.0 build
> next build

⚠ Warning: Next.js inferred your workspace root, but it may not be correct.
 We detected multiple lockfiles and selected the directory of C:\Users\victus\package-lock.json as the root directory.
 To silence this warning, set `turbopack.root` in your Next.js config, or consider removing one of the lockfiles if it's not needed.
   See https://nextjs.org/docs/app/api-reference/config/next-config-js/turbopack#root-directory for more information.
 Detected additional lockfiles: 
   * C:\Users\victus\OneDrive\Desktop\claude n antigravity\catholic-platform\package-lock.json

▲ Next.js 16.2.4 (Turbopack)
- Environments: .env.local
- Experiments (use with caution):
  ✓ optimizeCss

  Creating an optimized production build ...
✓ Compiled successfully in 5.8s
  Running TypeScript ...
  Finished TypeScript in 10.1s ...
  Collecting page data using 15 workers ...
  Generating static pages using 15 workers (0/269) ...
  Generating static pages using 15 workers (67/269) 
  Generating static pages using 15 workers (134/269) 
  Generating static pages using 15 workers (201/269) 
Failed to generate dynamic sitemap routes: MongooseServerSelectionError: connect ECONNREFUSED ::1:27017, connect ECONNREFUSED 127.0.0.1:27017
    at <unknown> (MongooseServerSelectionError: connect ECONNREFUSED ::1:27017, connect ECONNREFUSED 127.0.0.1:27017)
    at async n (C:\Users\victus\OneDrive\Desktop\claude n antigravity\catholic-platform\.next\server\chunks\[root-of-the-server]__0afb6dy._.js:1:1626)
    at async q (C:\Users\victus\OneDrive\Desktop\claude n antigravity\catholic-platform\.next\server\chunks\[root-of-the-server]__0bzufwu._.js:16:1036)
    at async A (C:\Users\victus\OneDrive\Desktop\claude n antigravity\catholic-platform\.next\server\chunks\[root-of-the-server]__0bzufwu._.js:16:1914) {
  errorLabelSet: Set(0) {},
  reason: TopologyDescription {
    type: 'Unknown',
    servers: Map(1) { 'localhost:27017' => [ServerDescription] },
    stale: false,
    compatible: true,
    heartbeatFrequencyMS: 10000,
    localThresholdMS: 15,
    setName: null,
    maxElectionId: null,
    maxSetVersion: null,
    commonWireVersion: 0,
    logicalSessionTimeoutMinutes: null
  },
  code: undefined,
  [cause]: TopologyDescription {
    type: 'Unknown',
    servers: Map(1) { 'localhost:27017' => [ServerDescription] },
    stale: false,
    compatible: true,
    heartbeatFrequencyMS: 10000,
    localThresholdMS: 15,
    setName: null,
    maxElectionId: null,
    maxSetVersion: null,
    commonWireVersion: 0,
    logicalSessionTimeoutMinutes: null
  }
}
✓ Generating static pages using 15 workers (269/269) in 5.8s
  Finalizing page optimization ...

Route (app)
┌ ƒ /
├ ƒ /_not-found
├ ƒ /admin
├ ƒ /admin/analytics
├ ƒ /admin/donations
├ ƒ /admin/holy-sites
├ ƒ /admin/intentions
├ ƒ /admin/library
├ ƒ /admin/mass-finder
├ ƒ /admin/popes
├ ƒ /admin/prayers
├ ƒ /admin/readings
├ ƒ /admin/saints
├ ƒ /admin/users
├ ƒ /ai
├ ƒ /api/admin/donations
├ ƒ /api/admin/holy-sites
├ ƒ /api/admin/intentions
├ ƒ /api/admin/library
├ ƒ /api/admin/mass-finder
├ ƒ /api/admin/popes
├ ƒ /api/admin/prayers
├ ƒ /api/admin/readings
├ ƒ /api/admin/saints
├ ƒ /api/admin/seed-readings
├ ƒ /api/admin/stats
├ ƒ /api/admin/users
├ ƒ /api/ai
├ ƒ /api/auth/[...nextauth]
├ ƒ /api/calendar
├ ƒ /api/cron/send-newsletter
├ ƒ /api/donations
├ ƒ /api/hymns
├ ƒ /api/hymns/[slug]
├ ƒ /api/image
├ ƒ /api/img
├ ƒ /api/intentions
├ ƒ /api/intentions/[id]/pray
├ ƒ /api/newsletter
├ ƒ /api/prayers
├ ƒ /api/prayers-db
├ ƒ /api/readings
├ ƒ /api/register
├ ƒ /api/sacraments
├ ƒ /api/saints
├ ƒ /api/saints/[id]
├ ƒ /api/search
├ ƒ /api/seed-admin
├ ƒ /api/seed-hymns
├ ƒ /api/seed-readings
├ ƒ /api/seed-st-bridget
├ ƒ /api/stations
├ ƒ /api/user/bookmarks
├ ƒ /apologetics
├ ƒ /auth/error
├ ƒ /auth/login
├ ƒ /auth/register
├ ƒ /bible
├ ƒ /bible/[book]
├ ƒ /bible/[book]/[chapter]
├ ƒ /bible/passages
├ ƒ /bible/stories
├ ƒ /calendar
├ ƒ /catechism
├ ƒ /confession
├ ƒ /dashboard
├ ƒ /donate
├ ƒ /encyclicals
├ ƒ /history
├ ƒ /history/[slug]
├ ƒ /hymns
├ ƒ /hymns/[slug]
├ ○ /icon.svg
├ ƒ /incorruptibles
├ ƒ /intentions
├ ƒ /library
├ ƒ /liturgy
├ ƒ /marian
├ ƒ /mass
├ ƒ /mass-finder
├ ƒ /mass/[slug]
├ ƒ /miracles
├ ƒ /novenas
├ ƒ /pilgrimage
├ ƒ /popes
├ ƒ /prayers
├ ƒ /priesthood
├ ƒ /profile
├ ƒ /readings
├ ○ /robots.txt
├ ƒ /rosary
├ ƒ /rosary/[slug]
├ ƒ /sacraments
├ ƒ /sacraments/[slug]
├ ƒ /saint-of-the-day
├ ƒ /saints
├ ƒ /saints/[slug]
├ ○ /sitemap.xml
├ ƒ /stations
└ ƒ /virtues


ƒ Proxy (Middleware)

○  (Static)   prerendered as static content
ƒ  (Dynamic)  server-rendered on demand

